c:\users\user\downloads\corridormvp\corridor_scene\x64\debug\vc143.pdb
c:\users\user\downloads\corridormvp\corridor_scene\x64\debug\vc143.idb
c:\users\user\downloads\corridormvp\corridor_scene\x64\debug\glad.obj
c:\users\user\downloads\corridormvp\corridor_scene\x64\debug\corridor_scene.obj
c:\users\user\downloads\corridormvp\corridor_scene\x64\debug\assimp-vc143-mtd.dll
c:\users\user\downloads\corridormvp\corridor_scene\x64\debug\poly2tri.dll
c:\users\user\downloads\corridormvp\corridor_scene\x64\debug\minizip.dll
c:\users\user\downloads\corridormvp\corridor_scene\x64\debug\zlibd1.dll
c:\users\user\downloads\corridormvp\corridor_scene\x64\debug\kubazip.dll
c:\users\user\downloads\corridormvp\corridor_scene\x64\debug\pugixml.dll
c:\users\user\downloads\corridormvp\x64\debug\assimp-vc143-mtd.dll
c:\users\user\downloads\corridormvp\x64\debug\poly2tri.dll
c:\users\user\downloads\corridormvp\x64\debug\minizip.dll
c:\users\user\downloads\corridormvp\x64\debug\zlibd1.dll
c:\users\user\downloads\corridormvp\x64\debug\kubazip.dll
c:\users\user\downloads\corridormvp\x64\debug\pugixml.dll
c:\users\user\downloads\corridormvp\x64\debug\corridorscene.exe
c:\users\user\downloads\corridormvp\corridor_scene\x64\debug\corridorscene.ilk
c:\users\user\downloads\corridormvp\x64\debug\corridorscene.pdb
c:\users\user\downloads\corridormvp\corridor_scene\x64\debug\corridorscene.pdb
c:\users\user\downloads\corridormvp\corridor_scene\x64\debug\corridorscene.tlog\cl.command.1.tlog
c:\users\user\downloads\corridormvp\corridor_scene\x64\debug\corridorscene.tlog\cl.items.tlog
c:\users\user\downloads\corridormvp\corridor_scene\x64\debug\corridorscene.tlog\cl.read.1.tlog
c:\users\user\downloads\corridormvp\corridor_scene\x64\debug\corridorscene.tlog\cl.write.1.tlog
c:\users\user\downloads\corridormvp\corridor_scene\x64\debug\corridorscene.tlog\corridorscene.write.1u.tlog
c:\users\user\downloads\corridormvp\corridor_scene\x64\debug\corridorscene.tlog\link.command.1.tlog
c:\users\user\downloads\corridormvp\corridor_scene\x64\debug\corridorscene.tlog\link.read.1.tlog
c:\users\user\downloads\corridormvp\corridor_scene\x64\debug\corridorscene.tlog\link.write.1.tlog
